{
    "*.docx": {
        "content": [
            [
                "K562\u30fb\u793e\u5185\u8a66\u9a13_CAGE_report_20240302.docx:md5,964d22a8c992520a98604d9ad7716ec8"
            ]
        ],
        "meta": {
            "nf-test": "0.8.4",
            "nextflow": "23.10.1"
        },
        "timestamp": "2024-03-02T15:34:02.302964"
    },
    "versions_docx_fastqc": {
        "content": [
            [
                "versions.yml:md5,07a1221c16a713fc5a5eed4680716fc9"
            ]
        ],
        "meta": {
            "nf-test": "0.8.4",
            "nextflow": "23.10.1"
        },
        "timestamp": "2024-03-02T15:32:17.49798"
    },
    "all_informations.yml": {
        "content": [
            [
                "all_informations.yml:md5,d3b8a23d1f3509717fd8084b9d2a433f"
            ]
        ],
        "meta": {
            "nf-test": "0.8.4",
            "nextflow": "23.10.1"
        },
        "timestamp": "2024-03-02T15:32:17.492433"
    }
}