{
    "sarscov2 - fastq - paired_end": {
        "content": [
            {
                "0": [
                    
                ],
                "1": [
                    
                ],
                "fastq": [
                    
                ],
                "versions": [
                    
                ]
            }
        ],
        "meta": {
            "nf-test": "0.8.4",
            "nextflow": "23.10.1"
        },
        "timestamp": "2024-02-14T22:32:15.9263"
    }
}