{
    "parse_xlsx": {
        "content": [
            [
                "versions.yml:md5,0400a39c70a35f5d7008b30fef24dc5f"
            ]
        ],
        "meta": {
            "nf-test": "0.8.4",
            "nextflow": "23.10.1"
        },
        "timestamp": "2024-02-25T15:20:51.001494"
    }
}